SUMMARY
Variables: 8
Errors: 0
Variable 0: INTEGER   ðê¨Õñv = 0x3
Variable 1: STRING    testStr = 0x1a90f40
Variable 2: CHARACTER testKey = 0x6b
Variable 3: BOOLEAN   testBool = 0x2
Variable 4: INTEGER   test = (nil)
Variable 5: INTEGER   fi = (nil)
Variable 6: INTEGER   int1 = 0xb
Variable 7: INTEGER   int2 = (nil)
