SUMMARY
Variables: 2
Errors: 0
Variable 0: INTEGER   test = 0x3
Variable 1: INTEGER   fi = (nil)
